    1      Number of Magnitude Bins
     7.950
    1      Number of Distance Bins 
   199.874
    1      Number of Epsilon Bins  
     5.290
    1      Number of Xcos(T) Bins  
     0.000


-------------------------------------------------------------------------------------------------------------------

 SITE 1 COORDINATES:    34.635   31.069
    1  nProb
   15
 AMP:                                                NaN       0.010       0.015       0.025       0.040       0.050       0.055       0.080       0.090       0.100       0.150       0.220       0.280       0.330       0.450

------------------

  M_bar                                              NaN   0.568E+01   0.145E+00   0.509E-01   0.199E-01   0.126E-01   0.101E-01   0.412E-02   0.299E-02   0.221E-02   0.616E-03   0.157E-03   0.598E-04   0.288E-04   0.708E-05
  D_bar                                              NaN   0.159E+03   0.338E+01   0.878E+00   0.250E+00   0.138E+00   0.105E+00   0.359E-01   0.247E-01   0.175E-01   0.398E-02   0.797E-03   0.240E-03   0.864E-04   0.990E-05
  Eps_bar                                            NaN   0.241E+00   0.768E-02   0.254E-02   0.106E-02   0.830E-03   0.756E-03   0.495E-03   0.411E-03   0.340E-03   0.134E-03   0.436E-04   0.186E-04   0.944E-05   0.257E-05
  XCosT_bar                                          NaN        -NaN   0.000E+00   0.000E+00   0.000E+00   0.000E+00   0.000E+00   0.000E+00   0.000E+00   0.000E+00   0.000E+00   0.000E+00   0.000E+00   0.000E+00   0.000E+00

------------------

 XCos(Theta) Bins

------------------


     Eps. Range     Mag. Range   Dist. Range


------------------


     Eps. Range     Mag. Range   Dist. Range


-------------------------------------                                                                     --------------------------------------

