      33       0          Number of faults, fault cases
Fault Name                       nFlt System Number Rupture Dist   BJF Dist  Campbell Dist nWidth nMaxmag Max Mag  Wts.  Fault Type   HWFlag    Vs


-------------------------------------------------------------------------------------------------------------------

 SITE 4 COORDINATES:    34.370   33.046
    1  nAtten
  Attenuation:     1      0.0100
   15  nAmp
 AMP:                                     pSeg al_Wt  MinDis         NaN    0.010000    0.015000    0.030000    0.053600    0.065000    0.070000    0.088700    0.100000    0.120000    0.150000    0.200000    0.250000    0.340000    0.450000
  Kamag_Areal                            1.000 1.000   226.7          NaN  0.6518E-05  0.1471E-05  0.4900E-07  0.3466E-09  0.0000E+00  0.0000E+00  0.0000E+00  0.0000E+00  0.0000E+00  0.0000E+00  0.0000E+00  0.0000E+00  0.0000E+00  0.0000E+00
  Shivta_Areal                           1.000 1.000   200.3          NaN  0.8733E-05  0.2085E-05  0.8345E-07  0.9391E-09  0.5258E-10  0.4260E-11  0.0000E+00  0.0000E+00  0.0000E+00  0.0000E+00  0.0000E+00  0.0000E+00  0.0000E+00  0.0000E+00
  Kinarot_Linear                         1.000 1.000   120.3          NaN  0.8675E-02  0.5171E-02  0.1480E-02  0.2641E-03  0.1299E-03  0.9718E-04  0.3596E-04  0.2064E-04  0.7729E-05  0.1400E-05  0.2363E-07  0.0000E+00  0.0000E+00  0.0000E+00
  Jericho_Vally_Linear                   1.000 1.000   137.5          NaN  0.5279E-02  0.3091E-02  0.8388E-03  0.1432E-03  0.6962E-04  0.5185E-04  0.1880E-04  0.1060E-04  0.3774E-05  0.6315E-06  0.9960E-08  0.0000E+00  0.0000E+00  0.0000E+00
  Dead_Sea_East_Linear                   1.000 1.000   180.9          NaN  0.2974E-02  0.1674E-02  0.3797E-03  0.5591E-04  0.2595E-04  0.1895E-04  0.6207E-05  0.3200E-05  0.9305E-06  0.9168E-07  0.0000E+00  0.0000E+00  0.0000E+00  0.0000E+00
  North_Arava_Linear                     1.000 1.000   245.4          NaN  0.1928E-02  0.1004E-02  0.1742E-03  0.2055E-04  0.8636E-05  0.6001E-05  0.1519E-05  0.6294E-06  0.9268E-07  0.2925E-08  0.0000E+00  0.0000E+00  0.0000E+00  0.0000E+00
  Central_Arava_Linear                   1.000 1.000   319.8          NaN  0.1630E-02  0.6490E-03  0.6503E-04  0.4067E-05  0.9868E-06  0.4996E-06  0.3072E-07  0.3225E-08  0.0000E+00  0.0000E+00  0.0000E+00  0.0000E+00  0.0000E+00  0.0000E+00
  Avrona_Linear                          1.000 1.000   355.9          NaN  0.1389E-02  0.4992E-03  0.4256E-04  0.1795E-05  0.2985E-06  0.1162E-06  0.1043E-08  0.0000E+00  0.0000E+00  0.0000E+00  0.0000E+00  0.0000E+00  0.0000E+00  0.0000E+00
  Zin_Active                             1.000 1.000   247.1          NaN  0.6854E-07  0.1057E-09  0.0000E+00  0.0000E+00  0.0000E+00  0.0000E+00  0.0000E+00  0.0000E+00  0.0000E+00  0.0000E+00  0.0000E+00  0.0000E+00  0.0000E+00  0.0000E+00
  Aragonese_Areal                        1.000 1.000   436.6          NaN  0.2114E-03  0.5461E-04  0.2856E-05  0.5729E-07  0.2236E-08  0.4977E-12  0.0000E+00  0.0000E+00  0.0000E+00  0.0000E+00  0.0000E+00  0.0000E+00  0.0000E+00  0.0000E+00
  Arif_Areal                             1.000 1.000   283.5          NaN  0.7797E-05  0.6108E-06  0.0000E+00  0.0000E+00  0.0000E+00  0.0000E+00  0.0000E+00  0.0000E+00  0.0000E+00  0.0000E+00  0.0000E+00  0.0000E+00  0.0000E+00  0.0000E+00
  Arnona_Areal                           1.000 1.000   480.2          NaN  0.4030E-03  0.9766E-04  0.4331E-05  0.3928E-07  0.0000E+00  0.0000E+00  0.0000E+00  0.0000E+00  0.0000E+00  0.0000E+00  0.0000E+00  0.0000E+00  0.0000E+00  0.0000E+00
  Barak_Areal                            1.000 1.000   283.6          NaN  0.6663E-05  0.4033E-06  0.0000E+00  0.0000E+00  0.0000E+00  0.0000E+00  0.0000E+00  0.0000E+00  0.0000E+00  0.0000E+00  0.0000E+00  0.0000E+00  0.0000E+00  0.0000E+00
  Beit_Shean_Areal                       1.000 1.000   104.4          NaN  0.1813E-02  0.6863E-03  0.7551E-04  0.6201E-05  0.2192E-05  0.1407E-05  0.2579E-06  0.8126E-07  0.5570E-08  0.0000E+00  0.0000E+00  0.0000E+00  0.0000E+00  0.0000E+00
  Central_Israel_Areal                   1.000 1.000   104.7          NaN  0.1695E-03  0.3829E-04  0.1351E-05  0.5042E-08  0.0000E+00  0.0000E+00  0.0000E+00  0.0000E+00  0.0000E+00  0.0000E+00  0.0000E+00  0.0000E+00  0.0000E+00  0.0000E+00
  Cyprus_Areal                           1.000 1.000   167.4          NaN  0.1848E-01  0.6634E-02  0.7593E-03  0.7393E-04  0.2974E-04  0.2046E-04  0.5549E-05  0.2639E-05  0.7131E-06  0.8102E-07  0.1955E-09  0.0000E+00  0.0000E+00  0.0000E+00
  East_Sinai_Areal                       1.000 1.000   323.6          NaN  0.1634E-04  0.2269E-05  0.0000E+00  0.0000E+00  0.0000E+00  0.0000E+00  0.0000E+00  0.0000E+00  0.0000E+00  0.0000E+00  0.0000E+00  0.0000E+00  0.0000E+00  0.0000E+00
  Elat_Areal                             1.000 1.000   393.7          NaN  0.2844E-03  0.7701E-04  0.4477E-05  0.1287E-06  0.1459E-07  0.3066E-08  0.0000E+00  0.0000E+00  0.0000E+00  0.0000E+00  0.0000E+00  0.0000E+00  0.0000E+00  0.0000E+00
  Galil_Areal                            1.000 1.000    71.5          NaN  0.1664E-02  0.5253E-03  0.4027E-04  0.2040E-05  0.4953E-06  0.2559E-06  0.1155E-07  0.3257E-10  0.0000E+00  0.0000E+00  0.0000E+00  0.0000E+00  0.0000E+00  0.0000E+00
  Mediterranean_1_Areal                  1.000 1.000    44.8          NaN  0.1929E-01  0.8326E-02  0.1413E-02  0.2063E-03  0.9761E-04  0.7204E-04  0.2553E-04  0.1444E-04  0.5646E-05  0.1513E-05  0.1747E-06  0.1545E-07  0.0000E+00  0.0000E+00
  Mediterranean_2_Areal                  1.000 1.000    27.7          NaN  0.2123E-01  0.1045E-01  0.2373E-02  0.4932E-03  0.2676E-03  0.2087E-03  0.8954E-04  0.5648E-04  0.2680E-04  0.9882E-05  0.2259E-05  0.5676E-06  0.4428E-07  0.9026E-09
  Mediterranean_3_Areal                  1.000 1.000     0.7          NaN  0.3066E-01  0.1883E-01  0.6943E-02  0.2485E-02  0.1688E-02  0.1445E-02  0.8559E-03  0.6457E-03  0.4111E-03  0.2272E-03  0.9864E-04  0.4868E-04  0.1674E-04  0.5683E-05
  Milhan_Areal                           1.000 1.000   333.8          NaN  0.1362E-05  0.2731E-07  0.0000E+00  0.0000E+00  0.0000E+00  0.0000E+00  0.0000E+00  0.0000E+00  0.0000E+00  0.0000E+00  0.0000E+00  0.0000E+00  0.0000E+00  0.0000E+00
  Notrh_Jordan_Areal                     1.000 1.000   123.1          NaN  0.2417E-03  0.4649E-04  0.1016E-05  0.0000E+00  0.0000E+00  0.0000E+00  0.0000E+00  0.0000E+00  0.0000E+00  0.0000E+00  0.0000E+00  0.0000E+00  0.0000E+00  0.0000E+00
  Palmira_Areal                          1.000 1.000   164.9          NaN  0.3222E-03  0.6736E-04  0.1665E-05  0.7001E-09  0.0000E+00  0.0000E+00  0.0000E+00  0.0000E+00  0.0000E+00  0.0000E+00  0.0000E+00  0.0000E+00  0.0000E+00  0.0000E+00
  Paran_Areal                            1.000 1.000   292.6          NaN  0.2387E-04  0.3967E-05  0.2724E-08  0.0000E+00  0.0000E+00  0.0000E+00  0.0000E+00  0.0000E+00  0.0000E+00  0.0000E+00  0.0000E+00  0.0000E+00  0.0000E+00  0.0000E+00
  Suez_Areal                             1.000 1.000   331.7          NaN  0.1022E-02  0.2196E-03  0.7170E-05  0.1369E-07  0.0000E+00  0.0000E+00  0.0000E+00  0.0000E+00  0.0000E+00  0.0000E+00  0.0000E+00  0.0000E+00  0.0000E+00  0.0000E+00
  Thamad_Areal                           1.000 1.000   368.4          NaN  0.2247E-04  0.2769E-05  0.0000E+00  0.0000E+00  0.0000E+00  0.0000E+00  0.0000E+00  0.0000E+00  0.0000E+00  0.0000E+00  0.0000E+00  0.0000E+00  0.0000E+00  0.0000E+00
  W_Shiarn_Areal                         1.000 1.000   125.1          NaN  0.5436E-03  0.1311E-03  0.5604E-05  0.7430E-07  0.5043E-08  0.1006E-08  0.0000E+00  0.0000E+00  0.0000E+00  0.0000E+00  0.0000E+00  0.0000E+00  0.0000E+00  0.0000E+00
  Carmel_Linear                          1.000 1.000    52.3          NaN  0.2383E-02  0.1533E-02  0.6663E-03  0.2037E-03  0.1184E-03  0.9431E-04  0.4257E-04  0.2741E-04  0.1333E-04  0.4993E-05  0.1071E-05  0.1618E-06  0.0000E+00  0.0000E+00
  Roum_Linear                            1.000 1.000   112.9          NaN  0.1323E-02  0.7025E-03  0.2341E-03  0.6117E-04  0.3391E-04  0.2655E-04  0.1140E-04  0.7154E-05  0.3339E-05  0.1202E-05  0.1894E-06  0.3677E-08  0.0000E+00  0.0000E+00
  Serghaya_Linear                        1.000 1.000   117.9          NaN  0.2033E-02  0.1111E-02  0.3736E-03  0.9228E-04  0.5026E-04  0.3909E-04  0.1644E-04  0.1020E-04  0.4668E-05  0.1594E-05  0.2127E-06  0.0000E+00  0.0000E+00  0.0000E+00
  YHK_Linear                             1.000 1.000   112.2          NaN  0.5683E-02  0.2841E-02  0.8869E-03  0.2570E-03  0.1491E-03  0.1187E-03  0.5362E-04  0.3458E-04  0.1688E-04  0.6448E-05  0.1476E-05  0.1976E-06  0.0000E+00  0.0000E+00
  Wt_Total_Events/yr                     0.000 0.000     0.0          NaN  0.1297E+00  0.6448E-01  0.1677E-01  0.4371E-02  0.2672E-02  0.2201E-02  0.1163E-02  0.8337E-03  0.4950E-03  0.2551E-03  0.1041E-03  0.4963E-04  0.1679E-04  0.5683E-05
  Poisson_Prob:                          0.000 0.000     0.0          NaN  0.1217E+00  0.6244E-01  0.1663E-01  0.4361E-02  0.2669E-02  0.2198E-02  0.1163E-02  0.8334E-03  0.4949E-03  0.2550E-03  0.1041E-03  0.4963E-04  0.1679E-04  0.5683E-05
  M_bar                                  0.000 0.000     0.0         NaN   0.552E+01   0.565E+01   0.577E+01   0.569E+01   0.563E+01   0.561E+01   0.553E+01   0.549E+01   0.545E+01   0.540E+01   0.539E+01   0.540E+01   0.546E+01   0.554E+01
  D_bar                                  0.000 0.000     0.0         NaN   0.123E+03   0.106E+03   0.779E+02   0.546E+02   0.470E+02   0.441E+02   0.356E+02   0.315E+02   0.258E+02   0.198E+02   0.143E+02   0.111E+02   0.895E+01   0.781E+01
  Eps_bar                                0.000 0.000     0.0         NaN  -0.124E+00   0.293E-01   0.363E+00   0.680E+00   0.774E+00   0.808E+00   0.907E+00   0.954E+00   0.102E+01   0.111E+01   0.125E+01   0.138E+01   0.163E+01   0.189E+01

------------------

